../Core/Src/main.c:84:6:HAL_TIM_PeriodElapsedCallback	16	static
../Core/Src/main.c:98:5:main	48	static
../Core/Src/main.c:165:6:SystemClock_Config	72	static
../Core/Src/main.c:202:13:MX_I2C1_Init	8	static
../Core/Src/main.c:236:13:MX_TIM1_Init	32	static
../Core/Src/main.c:282:13:MX_TIM3_Init	48	static
../Core/Src/main.c:335:13:MX_TIM4_Init	48	static
../Core/Src/main.c:388:13:MX_USART1_UART_Init	8	static
../Core/Src/main.c:421:13:MX_GPIO_Init	40	static
../Core/Src/main.c:465:6:Error_Handler	4	static,ignoring_inline_asm
