../Core/Src/main.c:83:6:HAL_TIM_PeriodElapsedCallback	16	static
../Core/Src/main.c:105:5:main	48	static
../Core/Src/main.c:178:6:SystemClock_Config	72	static
../Core/Src/main.c:215:13:MX_I2C1_Init	8	static
../Core/Src/main.c:249:13:MX_TIM1_Init	32	static
../Core/Src/main.c:294:13:MX_TIM3_Init	48	static
../Core/Src/main.c:347:13:MX_TIM4_Init	48	static
../Core/Src/main.c:400:13:MX_USART1_UART_Init	8	static
../Core/Src/main.c:433:13:MX_GPIO_Init	40	static
../Core/Src/main.c:479:6:Error_Handler	4	static,ignoring_inline_asm
