../Core/Src/qfis.c:138:5:qFIS_SetParameter	24	static
../Core/Src/qfis.c:188:5:qFIS_SetDeFuzzMethod	24	static
../Core/Src/qfis.c:213:5:qFIS_Setup	40	static
../Core/Src/qfis.c:264:5:qFIS_InputSetup	32	static
../Core/Src/qfis.c:280:5:qFIS_OutputSetup	32	static
../Core/Src/qfis.c:304:5:qFIS_SetInput	32	static
../Core/Src/qfis.c:318:7:qFIS_GetOutput	24	static
../Core/Src/qfis.c:331:5:qFIS_SetMF	40	static
../Core/Src/qfis.c:370:5:qFIS_StoreAggregatedRegion	32	static
../Core/Src/qfis.c:392:13:qFIS_EvalInputMFs	32	static
../Core/Src/qfis.c:407:13:qFIS_TruncateInputs	40	static
../Core/Src/qfis.c:418:5:qFIS_Fuzzify	24	static
../Core/Src/qfis.c:431:14:qFIS_ParseFuzzValue	24	static
../Core/Src/qfis.c:448:29:qFIS_GetFuzzOperator	24	static
../Core/Src/qfis.c:467:15:qFIS_InferenceAntecedent	40	static
../Core/Src/qfis.c:501:15:qFIS_InferenceReachEnd	32	static
../Core/Src/qfis.c:523:15:qFIS_AggregationFindConsequent	16	static
../Core/Src/qfis.c:532:15:qFIS_InferenceConsequent	48	static
../Core/Src/qfis.c:579:13:qFIS_Aggregate	24	static
../Core/Src/qfis.c:598:14:qFIS_DeFuzz_Centroid	32	static
../Core/Src/qfis.c:622:14:qFIS_DeFuzz_Bisector	40	static
../Core/Src/qfis.c:660:14:qFIS_DeFuzz_LOM	24	static
../Core/Src/qfis.c:686:14:qFIS_DeFuzz_SOM	24	static
../Core/Src/qfis.c:712:14:qFIS_DeFuzz_MOM	24	static
../Core/Src/qfis.c:751:14:qFIS_DeFuzz_WtAverage	24	static
../Core/Src/qfis.c:763:14:qFIS_DeFuzz_WtSum	24	static
../Core/Src/qfis.c:775:5:qFIS_DeFuzzify	40	static
../Core/Src/qfis.c:829:5:qFIS_SetRuleWeights	24	static
../Core/Src/qfis.c:842:5:qFIS_Inference	24	static
../Core/Src/qfis.c:871:14:qFIS_GetNextX	24	static
../Core/Src/qfis.c:880:14:qFIS_TriMF	56	static
../Core/Src/qfis.c:896:14:qFIS_TrapMF	56	static
../Core/Src/qfis.c:914:14:qFIS_GBellMF	48	static
../Core/Src/qfis.c:929:14:qFIS_GaussMF	40	static
../Core/Src/qfis.c:944:14:qFIS_Gauss2MF	48	static
../Core/Src/qfis.c:959:14:qFIS_SigMF	48	static
../Core/Src/qfis.c:973:14:qFIS_TSigMF	48	static
../Core/Src/qfis.c:1010:14:qFIS_DSigMF	32	static
../Core/Src/qfis.c:1017:14:qFIS_PSigMF	32	static
../Core/Src/qfis.c:1024:14:qFIS_SMF	56	static
../Core/Src/qfis.c:1055:14:qFIS_TSMF	80	static
../Core/Src/qfis.c:1079:14:qFIS_ZMF	56	static
../Core/Src/qfis.c:1110:14:qFIS_LinSMF	48	static
../Core/Src/qfis.c:1141:14:qFIS_LinZMF	48	static
../Core/Src/qfis.c:1172:14:qFIS_TZMF	80	static
../Core/Src/qfis.c:1196:14:qFIS_PiMF	32	static
../Core/Src/qfis.c:1203:14:qFIS_SingletonMF	32	static
../Core/Src/qfis.c:1213:14:qFIS_ConcaveMF	48	static
../Core/Src/qfis.c:1236:14:qFIS_TConcaveMF	40	static
../Core/Src/qfis.c:1248:14:qFIS_SpikeMF	40	static
../Core/Src/qfis.c:1262:14:qFIS_TLinSMF	40	static
../Core/Src/qfis.c:1276:14:qFIS_TLinZMF	40	static
../Core/Src/qfis.c:1290:14:qFIS_RectangleMF	40	static
../Core/Src/qfis.c:1304:14:qFIS_CosineMF	64	static
../Core/Src/qfis.c:1325:14:qFIS_ConstantMF	24	static
../Core/Src/qfis.c:1334:14:qFIS_LinearMF	32	static
../Core/Src/qfis.c:1349:14:qFIS_Min	16	static
../Core/Src/qfis.c:1355:14:qFIS_Max	16	static
../Core/Src/qfis.c:1361:14:qFIS_Prod	16	static
../Core/Src/qfis.c:1367:14:qFIS_ProbOR	24	static
../Core/Src/qfis.c:1373:14:qFIS_Sum	16	static
../Core/Src/qfis.c:1379:14:qFIS_Bound	24	static
