12:43:47 **** Incremental Build of configuration Debug for project Self_balancing_robot ****
make -j8 all 
arm-none-eabi-gcc "../Core/Src/main.c" -mcpu=cortex-m3 -std=gnu11 -g3 -DDEBUG -DUSE_HAL_DRIVER -DSTM32F103xB -c -I../Core/Inc -I../Drivers/STM32F1xx_HAL_Driver/Inc/Legacy -I../Drivers/STM32F1xx_HAL_Driver/Inc -I../Drivers/CMSIS/Device/ST/STM32F1xx/Include -I../Drivers/CMSIS/Include -O0 -ffunction-sections -fdata-sections -Wall -fstack-usage -fcyclomatic-complexity -MMD -MP -MF"Core/Src/main.d" -MT"Core/Src/main.o" --specs=nano.specs -mfloat-abi=soft -mthumb -o "Core/Src/main.o"
arm-none-eabi-gcc -o "Self_balancing_robot.elf" @"objects.list"   -mcpu=cortex-m3 -T"E:\memory\Project in university\Self_balancing_robot (Fuzzy control algorithm)\Firmware\Self_balancing_robot\STM32F103C8TX_FLASH.ld" --specs=nosys.specs -Wl,-Map="Self_balancing_robot.map" -Wl,--gc-sections -static --specs=nano.specs -mfloat-abi=soft -mthumb -Wl,--start-group -lc -lm -Wl,--end-group
Finished building target: Self_balancing_robot.elf
 
arm-none-eabi-size  Self_balancing_robot.elf 
arm-none-eabi-objdump -h -S Self_balancing_robot.elf  > "Self_balancing_robot.list"
   text	   data	    bss	    dec	    hex	filename
  39928	    288	   3096	  43312	   a930	Self_balancing_robot.elf
Finished building: default.size.stdout
 
Finished building: Self_balancing_robot.list
 
12:43:59 **** Incremental Build of configuration Debug for project Self_balancing_robot ****
make -j8 all 
arm-none-eabi-size  Self_balancing_robot.elf 
   text	   data	    bss	    dec	    hex	filename
  39928	    288	   3096	  43312	   a930	Self_balancing_robot.elf
Finished building: default.size.stdout
 
12:44:11 **** Incremental Build of configuration Debug for project Self_balancing_robot ****
make -j8 all 
arm-none-eabi-size  Self_balancing_robot.elf 
   text	   data	    bss	    dec	    hex	filename
  39928	    288	   3096	  43312	   a930	Self_balancing_robot.elf
Finished building: default.size.stdout
 
